// Jest Snapshot v1, https://goo.gl/fbAQLP

exports[`Syncing Screen should render correctly 1`] = `
<RCTSafeAreaView
  testID="SyncingScreen"
>
  <RCTScrollView
    style={
      {
        "backgroundColor": "#fff",
        "height": "100%",
        "padding": 20,
        "width": "100%",
      }
    }
  >
    <View>
      <View
        style={
          {
            "alignItems": "center",
            "flexDirection": "row",
            "justifyContent": "space-between",
            "marginVertical": 30,
          }
        }
      >
        <Image
          source={
            {
              "testUri": "../../../src/assets/images/pharmalogo.png",
            }
          }
          style={{}}
        />
        <Image
          source={
            {
              "testUri": "../../../src/assets/images/doctorHeadset.png",
            }
          }
          style={{}}
        />
      </View>
      <View
        style={
          {
            "alignItems": "center",
            "justifyContent": "center",
          }
        }
      >
        <Image
          source={
            {
              "testUri": "../../../src/assets/images/syncing.png",
            }
          }
          style={
            {
              "height": 667,
              "resizeMode": "contain",
              "width": 300,
            }
          }
        />
      </View>
      <View
        style={
          {
            "alignItems": "center",
            "flex": 1,
            "justifyContent": "center",
          }
        }
      >
        <View
          style={
            {
              "alignItems": "center",
              "backgroundColor": "#E0FAFA",
              "borderColor": "#00C1B3",
              "borderRadius": 40,
              "borderWidth": 1,
              "flexDirection": "row",
              "height": 40,
              "justifyContent": "center",
              "width": "50%",
            }
          }
        >
          <Image
            collapsable={false}
            source={
              {
                "testUri": "../../../src/assets/images/refresh.png",
              }
            }
            style={{}}
          />
          <Text
            collapsable={false}
            style={
              {
                "color": "#00C1B3",
                "fontFamily": "Poppins-Regular",
                "fontSize": 16,
                "marginTop": 2,
                "paddingLeft": 5,
                "width": "60%",
              }
            }
          >
            Syncing 
            63
            %
          </Text>
          <View
            collapsable={false}
            style={
              {
                "backgroundColor": "#00C1B3",
                "borderBottomLeftRadius": 40,
                "borderTopLeftRadius": 40,
                "height": "100%",
                "left": 0,
                "opacity": 0.2,
                "position": "absolute",
                "width": "0%",
                "zIndex": 1,
              }
            }
          />
        </View>
      </View>
      <View
        style={
          {
            "alignItems": "center",
            "justifyContent": "center",
            "marginTop": 20,
          }
        }
      >
        <Text
          style={
            {
              "color": "#000",
              "fontFamily": "Poppins-SemiBold",
              "fontSize": 16,
              "marginBottom": 10,
            }
          }
        >
          Synchronisation en cours …
        </Text>
        <Text
          style={
            {
              "color": "#000",
              "fontFamily": "Poppins-Regular",
              "fontSize": 13,
              "marginBottom": 20,
            }
          }
        >
          Nous sommes entrain de mettre à jour votre base de données, Veuillez patienter quelques instants
        </Text>
      </View>
    </View>
  </RCTScrollView>
</RCTSafeAreaView>
`;
